Copyright 1986-2020 Xilinx, Inc. All Rights Reserved.
--------------------------------------------------------------------------------------------------
| Tool Version : Vivado v.2020.2 (lin64) Build 3064766 Wed Nov 18 09:12:47 MST 2020
| Date         : Tue Dec  7 01:16:27 2021
| Host         : Aaron-Linux running 64-bit Ubuntu 20.04.3 LTS
| Command      : report_control_sets -verbose -file telemetry_bot_wrapper_control_sets_placed.rpt
| Design       : telemetry_bot_wrapper
| Device       : xc7z020
--------------------------------------------------------------------------------------------------

Control Set Information

Table of Contents
-----------------
1. Summary
2. Histogram
3. Flip-Flop Distribution
4. Detailed Control Set Information

1. Summary
----------

+----------------------------------------------------------+-------+
|                          Status                          | Count |
+----------------------------------------------------------+-------+
| Total control sets                                       |    52 |
|    Minimum number of control sets                        |    52 |
|    Addition due to synthesis replication                 |     0 |
|    Addition due to physical synthesis replication        |     0 |
| Unused register locations in slices containing registers |    79 |
+----------------------------------------------------------+-------+
* Control sets can be merged at opt_design using control_set_merge or merge_equivalent_drivers
** Run report_qor_suggestions for automated merging and remapping suggestions


2. Histogram
------------

+--------------------+-------+
|       Fanout       | Count |
+--------------------+-------+
| Total control sets |    52 |
| >= 0 to < 4        |     1 |
| >= 4 to < 6        |     0 |
| >= 6 to < 8        |     4 |
| >= 8 to < 10       |    15 |
| >= 10 to < 12      |     0 |
| >= 12 to < 14      |     0 |
| >= 14 to < 16      |     0 |
| >= 16              |    32 |
+--------------------+-------+
* Control sets can be remapped at either synth_design or opt_design


3. Flip-Flop Distribution
-------------------------

+--------------+-----------------------+------------------------+-----------------+--------------+
| Clock Enable | Synchronous Set/Reset | Asynchronous Set/Reset | Total Registers | Total Slices |
+--------------+-----------------------+------------------------+-----------------+--------------+
| No           | No                    | No                     |             185 |           80 |
| No           | No                    | Yes                    |               0 |            0 |
| No           | Yes                   | No                     |             237 |           99 |
| Yes          | No                    | No                     |             178 |           70 |
| Yes          | No                    | Yes                    |               0 |            0 |
| Yes          | Yes                   | No                     |             817 |          218 |
+--------------+-----------------------+------------------------+-----------------+--------------+


4. Detailed Control Set Information
-----------------------------------

+--------------------------------------------------------------------------------------------------------------------------------------------+--------------------------------------------------------------------------------------------------------------------------------------------------+-------------------------------------------------------------------------------------------------------------------------------------------+------------------+----------------+--------------+
|                                                                Clock Signal                                                                |                                                                   Enable Signal                                                                  |                                                              Set/Reset Signal                                                             | Slice Load Count | Bel Load Count | Bels / Slice |
+--------------------------------------------------------------------------------------------------------------------------------------------+--------------------------------------------------------------------------------------------------------------------------------------------------+-------------------------------------------------------------------------------------------------------------------------------------------+------------------+----------------+--------------+
|  telemetry_bot_i/processing_system7_0/inst/FCLK_CLK0                                                                                       | telemetry_bot_i/top_level_controller_0/U0/image_rx_tx_with_filter_instance/uart_rx_instance/s_baud_counter[7]_i_1_n_0                            | telemetry_bot_i/top_level_controller_0/U0/image_rx_tx_with_filter_instance/uart_rx_instance/s_baud_counter[4]_i_1__1_n_0                  |                1 |              2 |         2.00 |
|  telemetry_bot_i/processing_system7_0/inst/FCLK_CLK0                                                                                       | telemetry_bot_i/top_level_controller_0/U0/image_rx_tx_with_filter_instance/top_level_filter_fsm_instance/AVE_FILTER/E[0]                         | i_reset_IBUF                                                                                                                              |                2 |              6 |         3.00 |
|  telemetry_bot_i/processing_system7_0/inst/FCLK_CLK0                                                                                       | telemetry_bot_i/top_level_controller_0/U0/image_rx_tx_with_filter_instance/uart_rx_instance/s_baud_counter[7]_i_1_n_0                            |                                                                                                                                           |                2 |              6 |         3.00 |
|  telemetry_bot_i/processing_system7_0/inst/FCLK_CLK0                                                                                       | rx_instruction_active_IBUF                                                                                                                       | i_reset_IBUF                                                                                                                              |                3 |              7 |         2.33 |
|  telemetry_bot_i/processing_system7_0/inst/FCLK_CLK0                                                                                       | telemetry_bot_i/top_level_controller_0/U0/image_rx_tx_with_filter_instance/uart_tx_instance/s_baud_counter[7]_i_2__0_n_0                         | telemetry_bot_i/top_level_controller_0/U0/image_rx_tx_with_filter_instance/uart_tx_instance/s_baud_counter[7]_i_1__0_n_0                  |                2 |              7 |         3.50 |
|  telemetry_bot_i/processing_system7_0/inst/FCLK_CLK0                                                                                       | telemetry_bot_i/top_level_controller_0/U0/motor_controller_instance/maxsonar_sensor_instance/clock_divider_instance/E[0]                         |                                                                                                                                           |                2 |              8 |         4.00 |
|  telemetry_bot_i/processing_system7_0/inst/FCLK_CLK0                                                                                       | telemetry_bot_i/top_level_controller_0/U0/motor_controller_instance/maxsonar_sensor_instance/clock_divider_instance/sensor_pulse_previous        | telemetry_bot_i/top_level_controller_0/U0/motor_controller_instance/maxsonar_sensor_instance/clock_divider_instance/E[0]                  |                2 |              8 |         4.00 |
|  telemetry_bot_i/processing_system7_0/inst/FCLK_CLK0                                                                                       | telemetry_bot_i/top_level_controller_0/U0/motor_controller_instance/pwm_generator_instance_4/duty_cycle_counter                                  | telemetry_bot_i/top_level_controller_0/U0/motor_controller_instance/pwm_generator_instance_4/pwm_clk_counter[31]_i_1__2_n_0               |                3 |              8 |         2.67 |
|  telemetry_bot_i/processing_system7_0/inst/FCLK_CLK0                                                                                       | telemetry_bot_i/top_level_controller_0/U0/image_rx_tx_with_filter_instance/uart_rx_for_fsm_instance/E[0]                                         | i_reset_IBUF                                                                                                                              |                2 |              8 |         4.00 |
|  telemetry_bot_i/processing_system7_0/inst/FCLK_CLK0                                                                                       | telemetry_bot_i/top_level_controller_0/U0/motor_controller_instance/pwm_generator_instance_1/duty_cycle_counter_1                                | telemetry_bot_i/top_level_controller_0/U0/motor_controller_instance/pwm_generator_instance_1/pwm_clk_counter[31]_i_1_n_0                  |                3 |              8 |         2.67 |
|  telemetry_bot_i/processing_system7_0/inst/FCLK_CLK0                                                                                       | telemetry_bot_i/top_level_controller_0/U0/motor_controller_instance/pwm_generator_instance_2/duty_cycle_counter                                  | telemetry_bot_i/top_level_controller_0/U0/motor_controller_instance/pwm_generator_instance_2/pwm_clk_counter[31]_i_1__0_n_0               |                2 |              8 |         4.00 |
|  telemetry_bot_i/processing_system7_0/inst/FCLK_CLK0                                                                                       | telemetry_bot_i/top_level_controller_0/U0/motor_controller_instance/pwm_generator_instance_3/duty_cycle_counter                                  | telemetry_bot_i/top_level_controller_0/U0/motor_controller_instance/pwm_generator_instance_3/pwm_clk_counter[31]_i_1__1_n_0               |                3 |              8 |         2.67 |
|  telemetry_bot_i/processing_system7_0/inst/FCLK_CLK0                                                                                       | telemetry_bot_i/top_level_controller_0/U0/image_rx_tx_with_filter_instance/uart_tx_instance/s_data_byte_tx[7]_i_1_n_0                            |                                                                                                                                           |                3 |              8 |         2.67 |
|  telemetry_bot_i/processing_system7_0/inst/FCLK_CLK0                                                                                       | telemetry_bot_i/top_level_controller_0/U0/image_rx_tx_with_filter_instance/top_level_filter_fsm_instance/BRAM1/read_enable0_out                  |                                                                                                                                           |                8 |              8 |         1.00 |
|  telemetry_bot_i/processing_system7_0/inst/FCLK_CLK0                                                                                       | telemetry_bot_i/top_level_controller_0/U0/image_rx_tx_with_filter_instance/data_out_from_bram_reg[7]_i_1_n_0                                     |                                                                                                                                           |                2 |              8 |         4.00 |
|  telemetry_bot_i/processing_system7_0/inst/FCLK_CLK0                                                                                       | telemetry_bot_i/top_level_controller_0/U0/image_rx_tx_with_filter_instance/uart_rx_for_fsm_instance/s_baud_counter[7]_i_2_n_0                    | telemetry_bot_i/top_level_controller_0/U0/image_rx_tx_with_filter_instance/uart_rx_for_fsm_instance/s_baud_counter[7]_i_1__1_n_0          |                3 |              8 |         2.67 |
|  telemetry_bot_i/processing_system7_0/inst/FCLK_CLK0                                                                                       | read_enable_output_bram_IBUF                                                                                                                     |                                                                                                                                           |                6 |              8 |         1.33 |
|  telemetry_bot_i/processing_system7_0/inst/FCLK_CLK0                                                                                       | telemetry_bot_i/top_level_controller_0/U0/image_rx_tx_with_filter_instance/uart_rx_for_fsm_instance/data_out_byte_rx_instruction_reg[15]_i_1_n_0 | i_reset_IBUF                                                                                                                              |                2 |              8 |         4.00 |
|  telemetry_bot_i/processing_system7_0/inst/FCLK_CLK0                                                                                       | telemetry_bot_i/top_level_controller_0/U0/image_rx_tx_with_filter_instance/uart_rx_for_fsm_instance/data_out_byte_rx_instruction_reg[23]_i_1_n_0 | i_reset_IBUF                                                                                                                              |                1 |              8 |         8.00 |
|  telemetry_bot_i/processing_system7_0/inst/FCLK_CLK0                                                                                       |                                                                                                                                                  | telemetry_bot_i/top_level_controller_0/U0/motor_controller_instance/s_motor_direction[3]_i_1_n_0                                          |                4 |              8 |         2.00 |
|  telemetry_bot_i/processing_system7_0/inst/FCLK_CLK0                                                                                       | telemetry_bot_i/top_level_controller_0/U0/image_rx_tx_with_filter_instance/uart_rx_for_fsm_instance/start_drive_mode_reg_0[0]                    | i_reset_IBUF                                                                                                                              |                5 |             16 |         3.20 |
|  telemetry_bot_i/processing_system7_0/inst/FCLK_CLK0                                                                                       | telemetry_bot_i/top_level_controller_0/U0/image_rx_tx_with_filter_instance/uart_rx_for_fsm_instance/start_drive_mode_reg[0]                      | i_reset_IBUF                                                                                                                              |                3 |             16 |         5.33 |
|  telemetry_bot_i/processing_system7_0/inst/FCLK_CLK0                                                                                       | telemetry_bot_i/top_level_controller_0/U0/image_rx_tx_with_filter_instance/top_level_filter_fsm_instance/THR_FILTER/addr0[17]_i_1__1_n_0         |                                                                                                                                           |                5 |             18 |         3.60 |
|  telemetry_bot_i/processing_system7_0/inst/FCLK_CLK0                                                                                       | telemetry_bot_i/top_level_controller_0/U0/image_rx_tx_with_filter_instance/top_level_filter_fsm_instance/LAP_FILTER/addr0[17]_i_1__0_n_0         |                                                                                                                                           |                5 |             18 |         3.60 |
|  telemetry_bot_i/processing_system7_0/inst/FCLK_CLK0                                                                                       | telemetry_bot_i/top_level_controller_0/U0/image_rx_tx_with_filter_instance/top_level_filter_fsm_instance/AVE_FILTER/addr0[17]_i_1_n_0            |                                                                                                                                           |                5 |             18 |         3.60 |
|  telemetry_bot_i/processing_system7_0/inst/FCLK_CLK0                                                                                       | telemetry_bot_i/top_level_controller_0/U0/servo_enable_reg_n_0                                                                                   | telemetry_bot_i/top_level_controller_0/U0/servo_controller_instance/counter[0]_i_1_n_0                                                    |                6 |             22 |         3.67 |
|  telemetry_bot_i/processing_system7_0/inst/FCLK_CLK0                                                                                       | telemetry_bot_i/top_level_controller_0/U0/servo_enable_reg_n_0                                                                                   | i_reset_IBUF                                                                                                                              |                7 |             24 |         3.43 |
|  telemetry_bot_i/processing_system7_0/inst/FCLK_CLK0                                                                                       | telemetry_bot_i/top_level_controller_0/U0/image_rx_tx_with_filter_instance/uart_tx_instance/bram_input_addr0                                     |                                                                                                                                           |               12 |             26 |         2.17 |
|  telemetry_bot_i/processing_system7_0/inst/FCLK_CLK0                                                                                       | telemetry_bot_i/top_level_controller_0/U0/image_rx_tx_with_filter_instance/uart_tx_instance/bram_output_addr                                     |                                                                                                                                           |               12 |             26 |         2.17 |
|  telemetry_bot_i/processing_system7_0/inst/FCLK_CLK0                                                                                       | telemetry_bot_i/top_level_controller_0/U0/image_rx_tx_with_filter_instance/top_level_filter_fsm_instance/INV_FILTER/pixel_result_0               |                                                                                                                                           |                8 |             26 |         3.25 |
|  telemetry_bot_i/processing_system7_0/inst/FCLK_CLK0                                                                                       |                                                                                                                                                  | telemetry_bot_i/top_level_controller_0/U0/motor_controller_instance/maxsonar_sensor_instance/ssd_counter[31]_i_1_n_0                      |                8 |             31 |         3.88 |
|  telemetry_bot_i/processing_system7_0/inst/FCLK_CLK0                                                                                       | telemetry_bot_i/top_level_controller_0/U0/image_rx_tx_with_filter_instance/uart_tx_instance/tx_num_counter_reg[31]_i_1_n_0                       | i_reset_IBUF                                                                                                                              |                7 |             32 |         4.57 |
|  telemetry_bot_i/processing_system7_0/inst/FCLK_CLK0                                                                                       |                                                                                                                                                  | telemetry_bot_i/top_level_controller_0/U0/motor_controller_instance/pwm_generator_instance_2/pwm_clk_counter[31]_i_1__0_n_0               |               13 |             32 |         2.46 |
|  telemetry_bot_i/processing_system7_0/inst/FCLK_CLK0                                                                                       | telemetry_bot_i/top_level_controller_0/U0/image_rx_tx_with_filter_instance/top_level_filter_fsm_instance/INV_FILTER/output_a[17]_i_1__2_n_0      | telemetry_bot_i/top_level_controller_0/U0/image_rx_tx_with_filter_instance/top_level_filter_fsm_instance/INV_FILTER/countH[0]_i_1__2_n_0  |                8 |             32 |         4.00 |
|  telemetry_bot_i/processing_system7_0/inst/FCLK_CLK0                                                                                       | telemetry_bot_i/top_level_controller_0/U0/image_rx_tx_with_filter_instance/uart_rx_for_fsm_instance/rx_num_counter_reg[0]_i_1__0_n_0             | i_reset_IBUF                                                                                                                              |                8 |             32 |         4.00 |
|  telemetry_bot_i/processing_system7_0/inst/FCLK_CLK0                                                                                       | telemetry_bot_i/top_level_controller_0/U0/image_rx_tx_with_filter_instance/top_level_filter_fsm_instance/LAP_FILTER/output_a[17]_i_1__0_n_0      | telemetry_bot_i/top_level_controller_0/U0/image_rx_tx_with_filter_instance/top_level_filter_fsm_instance/LAP_FILTER/countH[0]_i_1__0_n_0  |                8 |             32 |         4.00 |
|  telemetry_bot_i/processing_system7_0/inst/FCLK_CLK0                                                                                       |                                                                                                                                                  | telemetry_bot_i/top_level_controller_0/U0/motor_controller_instance/pwm_generator_instance_4/pwm_clk_counter[31]_i_1__2_n_0               |               15 |             32 |         2.13 |
|  telemetry_bot_i/processing_system7_0/inst/FCLK_CLK0                                                                                       | telemetry_bot_i/top_level_controller_0/U0/image_rx_tx_with_filter_instance/top_level_filter_fsm_instance/AVE_FILTER/accu                         | telemetry_bot_i/top_level_controller_0/U0/image_rx_tx_with_filter_instance/top_level_filter_fsm_instance/AVE_FILTER/countH[0]_i_1_n_0     |                8 |             32 |         4.00 |
|  telemetry_bot_i/processing_system7_0/inst/FCLK_CLK0                                                                                       | telemetry_bot_i/top_level_controller_0/U0/motor_controller_instance/maxsonar_sensor_instance/clock_divider_instance/sub_inch_counter             | telemetry_bot_i/top_level_controller_0/U0/motor_controller_instance/maxsonar_sensor_instance/clear                                        |                8 |             32 |         4.00 |
|  telemetry_bot_i/processing_system7_0/inst/FCLK_CLK0                                                                                       | telemetry_bot_i/top_level_controller_0/U0/image_rx_tx_with_filter_instance/uart_rx_instance/rx_num_counter_reg                                   | i_reset_IBUF                                                                                                                              |                7 |             32 |         4.57 |
|  telemetry_bot_i/processing_system7_0/inst/FCLK_CLK0                                                                                       |                                                                                                                                                  | telemetry_bot_i/top_level_controller_0/U0/motor_controller_instance/pwm_generator_instance_1/pwm_clk_counter[31]_i_1_n_0                  |               15 |             32 |         2.13 |
|  telemetry_bot_i/processing_system7_0/inst/FCLK_CLK0                                                                                       | telemetry_bot_i/top_level_controller_0/U0/image_rx_tx_with_filter_instance/top_level_filter_fsm_instance/THR_FILTER/output_a[17]_i_1__1_n_0      | telemetry_bot_i/top_level_controller_0/U0/image_rx_tx_with_filter_instance/top_level_filter_fsm_instance/THR_FILTER/countH[0]_i_1__1_n_0  |                8 |             32 |         4.00 |
|  telemetry_bot_i/processing_system7_0/inst/FCLK_CLK0                                                                                       |                                                                                                                                                  | telemetry_bot_i/top_level_controller_0/U0/motor_controller_instance/pwm_generator_instance_3/pwm_clk_counter[31]_i_1__1_n_0               |               11 |             32 |         2.91 |
|  telemetry_bot_i/processing_system7_0/inst/FCLK_CLK0                                                                                       | telemetry_bot_i/top_level_controller_0/U0/image_rx_tx_with_filter_instance/top_level_filter_fsm_instance/LAP_FILTER/accu[11]_i_2_n_0             | telemetry_bot_i/top_level_controller_0/U0/image_rx_tx_with_filter_instance/top_level_filter_fsm_instance/LAP_FILTER/accu[11]_i_1_n_0      |               11 |             44 |         4.00 |
|  telemetry_bot_i/processing_system7_0/inst/FCLK_CLK0                                                                                       | telemetry_bot_i/top_level_controller_0/U0/image_rx_tx_with_filter_instance/top_level_filter_fsm_instance/AVE_FILTER/countV_rep[3]_i_2_n_0        | telemetry_bot_i/top_level_controller_0/U0/image_rx_tx_with_filter_instance/top_level_filter_fsm_instance/AVE_FILTER/countV_rep[3]_i_1_n_0 |               13 |             48 |         3.69 |
|  telemetry_bot_i/processing_system7_0/inst/FCLK_CLK0                                                                                       | telemetry_bot_i/top_level_controller_0/U0/image_rx_tx_with_filter_instance/top_level_filter_fsm_instance/THR_FILTER/output_a[17]_i_1__1_n_0      | i_reset_IBUF                                                                                                                              |               19 |             69 |         3.63 |
|  telemetry_bot_i/processing_system7_0/inst/FCLK_CLK0                                                                                       |                                                                                                                                                  | i_reset_IBUF                                                                                                                              |               33 |             70 |         2.12 |
|  telemetry_bot_i/processing_system7_0/inst/FCLK_CLK0                                                                                       | telemetry_bot_i/top_level_controller_0/U0/image_rx_tx_with_filter_instance/top_level_filter_fsm_instance/LAP_FILTER/output_a[17]_i_1__0_n_0      | i_reset_IBUF                                                                                                                              |               19 |             76 |         4.00 |
|  telemetry_bot_i/processing_system7_0/inst/FCLK_CLK0                                                                                       | telemetry_bot_i/top_level_controller_0/U0/image_rx_tx_with_filter_instance/top_level_filter_fsm_instance/INV_FILTER/output_a[17]_i_1__2_n_0      | i_reset_IBUF                                                                                                                              |               21 |             76 |         3.62 |
|  telemetry_bot_i/processing_system7_0/inst/FCLK_CLK0                                                                                       | telemetry_bot_i/top_level_controller_0/U0/image_rx_tx_with_filter_instance/top_level_filter_fsm_instance/AVE_FILTER/accu                         | i_reset_IBUF                                                                                                                              |               23 |             76 |         3.30 |
|  telemetry_bot_i/processing_system7_0/inst/FCLK_CLK0                                                                                       |                                                                                                                                                  |                                                                                                                                           |               37 |             77 |         2.08 |
|  telemetry_bot_i/top_level_controller_0/U0/image_rx_tx_with_filter_instance/top_level_filter_fsm_instance/bram1_a_mux_reg[17]_i_2_n_0_BUFG |                                                                                                                                                  |                                                                                                                                           |               43 |            108 |         2.51 |
+--------------------------------------------------------------------------------------------------------------------------------------------+--------------------------------------------------------------------------------------------------------------------------------------------------+-------------------------------------------------------------------------------------------------------------------------------------------+------------------+----------------+--------------+


