#-----------------------------------------------------------
# Webtalk v2020.2 (64-bit)
# SW Build 3064766 on Wed Nov 18 09:12:47 MST 2020
# IP Build 3064653 on Wed Nov 18 14:17:31 MST 2020
# Start of session at: Mon Nov  8 23:45:15 2021
# Process ID: 11096
# Current directory: /home/aaronnanas/vivado_projects/ece524_final_proj/vga_controller/vga_controller.sim/sim_1/behav/xsim
# Command line: wbtcv -mode batch -source /home/aaronnanas/vivado_projects/ece524_final_proj/vga_controller/vga_controller.sim/sim_1/behav/xsim/xsim.dir/tb_vga_controller_behav/webtalk/xsim_webtalk.tcl -notrace
# Log file: /home/aaronnanas/vivado_projects/ece524_final_proj/vga_controller/vga_controller.sim/sim_1/behav/xsim/webtalk.log
# Journal file: /home/aaronnanas/vivado_projects/ece524_final_proj/vga_controller/vga_controller.sim/sim_1/behav/xsim/webtalk.jou
#-----------------------------------------------------------
source /home/aaronnanas/vivado_projects/ece524_final_proj/vga_controller/vga_controller.sim/sim_1/behav/xsim/xsim.dir/tb_vga_controller_behav/webtalk/xsim_webtalk.tcl -notrace
