#-----------------------------------------------------------
# Webtalk v2020.2 (64-bit)
# SW Build 3064766 on Wed Nov 18 09:12:47 MST 2020
# IP Build 3064653 on Wed Nov 18 14:17:31 MST 2020
# Start of session at: Sun Nov 21 09:33:12 2021
# Process ID: 21161
# Current directory: /home/aaronnanas/vivado_projects/ece524_final_proj/inferred_bram/inferred_bram.sim/sim_1/behav/xsim
# Command line: wbtcv -mode batch -source /home/aaronnanas/vivado_projects/ece524_final_proj/inferred_bram/inferred_bram.sim/sim_1/behav/xsim/xsim.dir/tb_inferred_bram_for_image_behav/webtalk/xsim_webtalk.tcl -notrace
# Log file: /home/aaronnanas/vivado_projects/ece524_final_proj/inferred_bram/inferred_bram.sim/sim_1/behav/xsim/webtalk.log
# Journal file: /home/aaronnanas/vivado_projects/ece524_final_proj/inferred_bram/inferred_bram.sim/sim_1/behav/xsim/webtalk.jou
#-----------------------------------------------------------
source /home/aaronnanas/vivado_projects/ece524_final_proj/inferred_bram/inferred_bram.sim/sim_1/behav/xsim/xsim.dir/tb_inferred_bram_for_image_behav/webtalk/xsim_webtalk.tcl -notrace
